
### stage lemmas
{
  "sqrt_le_sqrt+simpa": {
    "ok": true,
    "err": ""
  },
  "one_le_sqrt.mpr": {
    "ok": true,
    "err": ""
  },
  "one_le_sqrt(pos).mpr": {
    "ok": false,
    "err": "Function expected at\n  one_le_sqrt\nbut this term has type\n  1 \u2264 \u221a?m.327 \u2194 1 \u2264 ?m.327\n\nNote: Expected a function because this term is being applied to the argument\n  (by positivity)"
  },
  "le_sqrt": {
    "ok": true,
    "err": ""
  },
  "log_le_2sqrt-2": {
    "ok": true,
    "err": ""
  }
}

### stage refute
{
  "trade_x_for_y": {
    "refuted": false,
    "err": "unsolved goals\nh :\n  \u2200 (x y z : \u211d),\n    3 \u2264 x \u2192\n      3 \u2264 y \u2192\n        3 \u2264 z \u2192\n          2 * x ^ 2 * y ^ 1 * z ^ 1 + 1 * \u221a(x ^ 2 * y ^ 1 * z ^ 1) + 1 \u2264\n            9 * x ^ 1 * y ^ 2 * z ^ 1 + 9 * \u221a(x ^"
  },
  "drop_degree": {
    "refuted": true,
    "err": ""
  },
  "trade_big_offset": {
    "refuted": true,
    "err": ""
  }
}

### stage battery
  battery planted_congruent: KILLED by ['by intros; gcongr <;> linarith']
  battery planted_flat_nogate: KILLED by ['by intros; gcongr <;> linarith']
  battery g1_reservoir/flat/k2/i1/(9, 4, 7)->(9, 5, 6): SURVIVES
  battery g1_reservoir/flat/k2/i1/(9, 7, 6)->(9, 8, 5): SURVIVES
  battery g1_reservoir/flat/k2/i1/(6, 8, 1)->(7, 7, 1): SURVIVES
  battery g1_reservoir/flat/k2/i1/(5, 3, 4)->(6, 2, 4): SURVIVES
  battery g1_reservoir/flat/k2/i1/(5, 6, 2)->(6, 5, 2): SURVIVES
  battery g1_reservoir/grow/k2/i2/(9, 8, 5)->(7, 1, 1): SURVIVES
  battery g1_reservoir/grow/k2/i2/(7, 7, 1)->(5, 1, 1): SURVIVES
  battery g1_reservoir/grow/k2/i2/(9, 6, 7)->(7, 1, 1): SURVIVES
  battery g1_reservoir/grow/k2/i2/(9, 5, 6)->(7, 1, 1): SURVIVES
  battery g1_reservoir/grow/k2/i2/(6, 5, 2)->(4, 1, 1): SURVIVES
  battery g2_wide/flat/k2/i1/(20, 20, 16)->(20, 21, 15): SURVIVES
  battery g2_wide/flat/k2/i1/(20, 7, 8)->(20, 8, 7): SURVIVES
  battery g2_wide/flat/k2/i1/(16, 2, 8)->(17, 1, 9): SURVIVES
  battery g2_wide/flat/k2/i1/(9, 14, 1)->(10, 13, 2): SURVIVES
  battery g2_wide/flat/k2/i1/(13, 19, 3)->(14, 18, 5): SURVIVES
  battery g2_wide/grow/k2/i2/(20, 8, 7)->(12, 1, 1): SURVIVES
  battery g2_wide/grow/k2/i2/(19, 2, 12)->(11, 1, 1): SURVIVES
  battery g2_wide/grow/k2/i2/(17, 1, 9)->(9, 1, 1): SURVIVES
  battery g2_wide/grow/k2/i2/(14, 18, 5)->(12, 1, 1): SURVIVES
  battery g2_wide/grow/k2/i2/(10, 13, 2)->(8, 1, 1): SURVIVES
  battery g3_k128/flat/k2/i1/(37, 16, 5)->(38, 15, 6): SURVIVES
  battery g3_k128/flat/k2/i1/(45, 6, 36)->(46, 5, 38): SURVIVES
  battery g3_k128/flat/k2/i1/(84, 13, 32)->(85, 12, 34): SURVIVES
  battery g3_k128/flat/k2/i1/(52, 60, 15)->(53, 59, 18): SURVIVES
  battery g3_k128/flat/k2/i1/(27, 2, 9)->(28, 1, 12): SURVIVES
  battery g3_k128/grow/k2/i2/(85, 12, 34)->(44, 1, 1): SURVIVES
  battery g3_k128/grow/k2/i2/(38, 15, 6)->(20, 1, 1): SURVIVES
  battery g3_k128/grow/k2/i2/(46, 5, 38)->(30, 1, 1): SURVIVES
  battery g3_k128/grow/k2/i2/(28, 1, 12)->(14, 1, 1): SURVIVES
  battery g3_k128/grow/k2/i2/(53, 59, 18)->(43, 1, 1): SURVIVES
  battery g1_reservoir/GOAL/k8: SURVIVES
  battery g3_k128/GOAL/k8: SURVIVES
  battery g3_k128/GOAL/k32: SURVIVES
  battery g3_k128/GOAL/k128: SURVIVES
{
  "planted_congruent": [
    "by intros; gcongr <;> linarith"
  ],
  "planted_flat_nogate": [
    "by intros; gcongr <;> linarith"
  ],
  "g1_reservoir/flat/k2/i1/(9, 4, 7)->(9, 5, 6)": "SURVIVES",
  "g1_reservoir/flat/k2/i1/(9, 7, 6)->(9, 8, 5)": "SURVIVES",
  "g1_reservoir/flat/k2/i1/(6, 8, 1)->(7, 7, 1)": "SURVIVES",
  "g1_reservoir/flat/k2/i1/(5, 3, 4)->(6, 2, 4)": "SURVIVES",
  "g1_reservoir/flat/k2/i1/(5, 6, 2)->(6, 5, 2)": "SURVIVES",
  "g1_reservoir/grow/k2/i2/(9, 8, 5)->(7, 1, 1)": "SURVIVES",
  "g1_reservoir/grow/k2/i2/(7, 7, 1)->(5, 1, 1)": "SURVIVES",
  "g1_reservoir/grow/k2/i2/(9, 6, 7)->(7, 1, 1)": "SURVIVES",
  "g1_reservoir/grow/k2/i2/(9, 5, 6)->(7, 1, 1)": "SURVIVES",
  "g1_reservoir/grow/k2/i2/(6, 5, 2)->(4, 1, 1)": "SURVIVES",
  "g2_wide/flat/k2/i1/(20, 20, 16)->(20, 21, 15)": "SURVIVES",
  "g2_wide/flat/k2/i1/(20, 7, 8)->(20, 8, 7)": "SURVIVES",
  "g2_wide/flat/k2/i1/(16, 2, 8)->(17, 1, 9)": "SURVIVES",
  "g2_wide/flat/k2/i1/(9, 14, 1)->(10, 13, 2)": "SURVIVES",
  "g2_wide/flat/k2/i1/(13, 19, 3)->(14, 18, 5)": "SURVIVES",
  "g2_wide/grow/k2/i2/(20, 8, 7)->(12, 1, 1)": "SURVIVES",
  "g2_wide/grow/k2/i2/(19, 2, 12)->(11, 1, 1)": "SURVIVES",
  "g2_wide/grow/k2/i2/(17, 1, 9)->(9, 1, 1)": "SURVIVES",
  "g2_wide/grow/k2/i2/(14, 18, 5)->(12, 1, 1)": "SURVIVES",
  "g2_wide/grow/k2/i2/(10, 13, 2)->(8, 1, 1)": "SURVIVES",
  "g3_k128/flat/k2/i1/(37, 16, 5)->(38, 15, 6)": "SURVIVES",
  "g3_k128/flat/k2/i1/(45, 6, 36)->(46, 5, 38)": "SURVIVES",
  "g3_k128/flat/k2/i1/(84, 13, 32)->(85, 12, 34)": "SURVIVES",
  "g3_k128/flat/k2/i1/(52, 60, 15)->(53, 59, 18)": "SURVIVES",
  "g3_k128/flat/k2/i1/(27, 2, 9)->(28, 1, 12)": "SURVIVES",
  "g3_k128/grow/k2/i2/(85, 12, 34)->(44, 1, 1)": "SURVIVES",
  "g3_k128/grow/k2/i2/(38, 15, 6)->(20, 1, 1)": "SURVIVES",
  "g3_k128/grow/k2/i2/(46, 5, 38)->(30, 1, 1)": "SURVIVES",
  "g3_k128/grow/k2/i2/(28, 1, 12)->(14, 1, 1)": "SURVIVES",
  "g3_k128/grow/k2/i2/(53, 59, 18)->(43, 1, 1)": "SURVIVES",
  "g1_reservoir/GOAL/k8": "SURVIVES",
  "g3_k128/GOAL/k8": "SURVIVES",
  "g3_k128/GOAL/k32": "SURVIVES",
  "g3_k128/GOAL/k128": "SURVIVES"
}
